{
  "customers": [
    {
      "firstname": "Iron",
      "lastname": "Man",
      "customer_url": "/api/v1/customers/1"
    },
    {
      "firstname": "Super",
      "lastname": "Man",
      "customer_url": "/api/v1/customers/2"
    }
  ]
}