{
  "id": 1,
  "firstname": "Iron",
  "lastname": "Man",
  "customer_url": "/api/v1/customers/1"
}