<?xml version='1.0' encoding='UTF-8'?>
<dataset>
    <customer id="2" firstname="Super" lastname="Man"/>
</dataset>