{
  "categories": [
    {
      "id": 1,
      "name": "Fruits"
    },
    {
      "id": 2,
      "name": "Nuts"
    }
  ]
}