{
  "firstname": "Just",
  "lastname": "Man",
  "customer_url": "/api/v1/customers/3"
}