{
  "firstname": "UpdatedName",
  "lastname": "Updated LastName",
  "customer_url": "/api/v1/customers/2"
}