{
  "name": "Third vendor",
  "vendor_url": "/api/v1/vendors/3"
}