{
  "name": "Patched vendor",
  "vendor_url": "/api/v1/vendors/1"
}