{
  "name": "Updated vendor",
  "vendor_url": "/api/v1/vendors/2"
}