<?xml version='1.0' encoding='UTF-8'?>
<dataset>
    <vendor id="1" name="Patched vendor"/>
    <vendor id="2" name="Second vendor"/>
</dataset>